// Jest Snapshot v1, https://goo.gl/fbAQLP

exports[`App should render correctly 1`] = `
 <div className={c('NavHeader')}>
    <span> Filter</span>
    <span> Sort</span>
    <span>
      <BpkSmallPriceIcon className={c('NavHeader_price-alerts')} />
      <span>Price alerts</span>
    </span>
  </div>
`;
