// Jest Snapshot v1, https://goo.gl/fbAQLP

exports[`NavHeader should render correctly 1`] = `
<div
  className="NavHeader"
>
  <span>
     Filter
  </span>
  <span>
     Sort
  </span>
  <span>
    <svg
      className="NavHeader_price-alerts"
      height="24"
      style={
        Object {
          "height": "1.5rem",
          "width": "1.5rem",
        }
      }
      viewBox="0 0 24 24"
      width="24"
      xmlns="http://www.w3.org/2000/svg"
    >
      <path
        d="M10 19.1h4.8c-.6 1.5-2.3 2.3-3.9 1.7-.8-.3-1.4-.9-1.7-1.7h.8zm8-8c0-2.5-1.6-4.8-4-5.7.2-1.1-.5-2.1-1.6-2.3-1.1-.2-2.1.5-2.3 1.6v.7C7.7 6.2 6 8.5 6 11v3l-2 3h16l-2-3v-2.9z"
      />
    </svg>
    <span>
      Price alerts
    </span>
  </span>
</div>
`;
